// Jest Snapshot v1, https://goo.gl/fbAQLP

exports[`displays correctly 1`] = `
<div
  className="formContainer"
>
  <div
    className="wrapper"
  />
  <div
    className="logo"
  >
    <p
      id="logoText"
    >
      Cupak
    </p>
  </div>
  <form
    action="/"
    className="form"
    encType="multipart/form-data"
    method="post"
  >
    <label
      htmlFor="fName"
      id="name"
    >
      First Name
    </label>
    <input
      className="fName"
      placeholder="Maksist "
      required={true}
      type="text"
    />
    <label
      htmlFor="sName"
      id="surname"
    >
      Surname
    </label>
    <input
      className="sName"
      placeholder="Taksist"
      required={true}
      type="text"
    />
    <label
      htmlFor="email"
      id="email"
    >
      Email
    </label>
    <input
      className="email"
      placeholder="example@email.com"
      required={true}
      type="email"
    />
    <label
      htmlFor="pNumber"
      id="phoneNumber"
    >
      Phone number
    </label>
    <InputElement
      className="pNumber"
      mask="+4\\\\9 99 999 99"
      maskChar=" "
      placeholder="+493864967"
      required={true}
    />
    <label
      htmlFor="Select"
      id="state"
    >
      State
    </label>
    <StateManager
      className="Select"
      defaultInputValue=""
      defaultMenuIsOpen={false}
      defaultValue={null}
      onChange={[Function]}
      options={
        Array [
          Object {
            "label": "Alaska",
            "value": "35816",
          },
          Object {
            "label": "Alabama",
            "value": "99524",
          },
          Object {
            "label": "Arizona",
            "value": "85055",
          },
          Object {
            "label": "Arkansas",
            "value": " 72217",
          },
          Object {
            "label": "California",
            "value": "94209",
          },
          Object {
            "label": "Colorado",
            "value": "80239",
          },
          Object {
            "label": "Connecticut",
            "value": "06112",
          },
          Object {
            "label": "District of Columbia",
            "value": "20020",
          },
        ]
      }
      placeholder="California"
      value={null}
    />
    <label
      htmlFor="zip"
      id="zipCode"
    >
      Zip code
    </label>
    <input
      className="zip"
      placeholder="Zip code"
      readOnly={true}
      type="text"
      value=""
    />
    <label
      htmlFor="pass"
      id="password"
    >
      Password
    </label>
    <input
      className="pass"
      onChange={[Function]}
      placeholder=""
      required={true}
      style={Object {}}
      type="password"
    />
    <label
      htmlFor="confPass"
      id="confirm"
    >
      Confirm password
    </label>
    <input
      className="confPass"
      onChange={[Function]}
      placeholder=""
      required={true}
      style={Object {}}
      type="password"
    />
    <div
      className="agreed"
    >
      <input
        className="check"
        onClick={[Function]}
        placeholder="I agree"
        required={true}
        type="checkbox"
      />
      <p
        id="agree"
      >
        I agree with Privacy Policies
      </p>
    </div>
    <button
      className="butt"
      disabled={true}
      style={
        Object {
          "opacity": 0.5,
        }
      }
    >
      Sign Up
    </button>
    <p
      id="logLink"
    >
      Already have an account?
      <NavLink
        activeClassName="active"
        aria-current="page"
        id="toLoginLink"
        to="/"
      >
        Log In
      </NavLink>
    </p>
  </form>
</div>
`;
